[rennaker.lojaintegrada.com.br/index.html]
[backblue.gif]
[fade.gif]
[index.html]
[cdn.awsli.com.br/2545/2545673/favicon/favicon-0c5bed037d.png]
[cdn.awsli.com.br/production/static/loja/estrutura/v1/css/all.min4545.css]
[cdn.awsli.com.br/production/static/loja/estrutura/v1/css/bootstrap-responsive4545.css]
[cdn.awsli.com.br/production/static/loja/estrutura/v1/css/style-responsive4545.css]
[rennaker.lojaintegrada.com.br/temaeef6.css]
[cdn.awsli.com.br/production/static/loja/estrutura/v1/js/all.min4545.js]
[cdn.awsli.com.br/production/static/loja/estrutura/v1/css/slick.min.css]
[cdn.awsli.com.br/production/static/loja/estrutura/v1/js/slick.min4545.js]
[cdn.awsli.com.br/production/static/css/jquery.fancybox.min.css]
[cdn.awsli.com.br/production/static/js/jquery/jquery.fancybox.pack.min.js]
[cdn.awsli.com.br/production/static/analytics/owa.min4545.js]
[rennaker.lojaintegrada.com.br/avancadoeef6.css]
[rennaker.lojaintegrada.com.br/manifest.json]
[rennaker.lojaintegrada.com.br/carrinho/index.html]
[rennaker.lojaintegrada.com.br/conta/index]
[rennaker.lojaintegrada.com.br/conta/loginb308.html]
[cdn.awsli.com.br/400x300/2545/2545673/logo/logo-rennaker-446f8ecfae.png]
[rennaker.lojaintegrada.com.br/conta/login.html]
[rennaker.lojaintegrada.com.br/conta/logincddc.html]
[rennaker.lojaintegrada.com.br/cabelo-pele-e-unhas.html]
[cdn.awsli.com.br/1140x1140/2545/2545673/banner/bannerrennakermobile2-1091c7f397.png]
[cdn.awsli.com.br/1140x1140/2545/2545673/banner/frame-2-(1)-fdacf8227f.png]
[cdn.awsli.com.br/1140x1140/2545/2545673/banner/banner-1-(1)-a972fca818.png]
[cdn.awsli.com.br/1140x1140/2545/2545673/banner/rennakerbannermobile-10a07d1324.png]
[cdn.awsli.com.br/1140x1448/2545/2545673/banner/tmptarja1-1964cce5f0.png]
[cdn.awsli.com.br/1140x1448/2545/2545673/banner/tmptarja2-8c5bb1386d.png]
[cdn.awsli.com.br/1140x1448/2545/2545673/banner/tmptarja3-9c13856c04.png]
[cdn.awsli.com.br/1140x1448/2545/2545673/banner/tmptarja4-df6c380223.png]
[rennaker.lojaintegrada.com.br/02-rennaker-gummy.html]
[cdn.awsli.com.br/300x300/2545/2545673/produto/198416704/group-57-79bea05edb.jpg]
[rennaker.lojaintegrada.com.br/03-rennaker-gummy.html]
[cdn.awsli.com.br/300x300/2545/2545673/produto/198417204/group-59-14aa6e1b1f.jpg]
[rennaker.lojaintegrada.com.br/06-rennaker-gummy.html]
[cdn.awsli.com.br/300x300/2545/2545673/produto/198417271/group-58-52927bfd60.jpg]
[rennaker.lojaintegrada.com.br/rennaker.html]
[cdn.awsli.com.br/300x300/2545/2545673/produto/196945852/rennaker-c3a23ca03c.jpg]
[rennaker.lojaintegrada.com.br/pagina/garantia-rennaker.html]
[rennaker.lojaintegrada.com.br/pagina/politica-de-privacidade.html]
[rennaker.lojaintegrada.com.br/pagina/quem-somos.html]
[rennaker.lojaintegrada.com.br/pagina/termos-e-condicoes.html]
[cdn.awsli.com.br/production/static/img/formas-de-pagamento/boleto-logo4545.png]
[cdn.awsli.com.br/production/static/img/struct/stamp_encryptssl.png]
[cdn.awsli.com.br/production/static/whitelabel/lojaintegrada/img/logo-rodape-loja4545.png]
[rennaker.lojaintegrada.com.br/conta/favorito/listar]
[rennaker.lojaintegrada.com.br/conta/favorito/listar]
[cdn.awsli.com.br/2545/2545673/arquivos/themeLI.js]
[cdn.awsli.com.br/2545/2545673/arquivos/Exibicao.png]
[connect.facebook.net/pt_BR/sdk.js]
[rennaker.lojaintegrada.com.br/service-worker.js]
[rennaker.lojaintegrada.com.br/index.html]
[cdn.awsli.com.br/production/static/loja/estrutura/v1/img/loading.gif]
[cdn.awsli.com.br/production/static/loja/estrutura/v1/img/nav-h1.gif]
[cdn.awsli.com.br/production/static/loja/estrutura/v1/img/nav-thumbs.png]
[cdn.awsli.com.br/production/static/loja/estrutura/v1/img/bg_direction_nav.png]
[cdn.awsli.com.br/production/static/loja/estrutura/v1/img/bullet.png]
[cdn.awsli.com.br/production/static/loja/estrutura/v1/img/padrao-rodape.png]
[cdn.awsli.com.br/production/static/loja/estrutura/v1/img/ajax-loader.gif]
[cdn.awsli.com.br/production/static/loja/estrutura/v1/img/bandeiras/icone-pagamento5ed3.png]
[cdn.awsli.com.br/production/static/loja/estrutura/v1/css/all.min4545.css]
[cdn.awsli.com.br/production/static/loja/estrutura/v1/css/bootstrap-responsive4545.css]
[cdn.awsli.com.br/production/static/loja/estrutura/v1/css/style-responsive4545.css]
[rennaker.lojaintegrada.com.br/temaeef6.css]
[cdn.awsli.com.br/production/static/loja/estrutura/v1/css/slick.min.css]
[cdn.awsli.com.br/production/static/img/fancybox_sprite.png]
[cdn.awsli.com.br/production/static/img/fancybox_loading.gif]
[cdn.awsli.com.br/production/static/img/blank.gif]
[cdn.awsli.com.br/production/static/img/fancybox_overlay.png]
[cdn.awsli.com.br/production/static/css/jquery.fancybox.min.css]
[cdn.awsli.com.br/production/static/analytics/owa.min4545.js]
[cdn.awsli.com.br/2384/2384881/arquivos/Logo Digita Nerd.png]
[rennaker.lojaintegrada.com.br/avancadoeef6.css]
[rennaker.lojaintegrada.com.br/carrinho/performa.ai]
[cdn.awsli.com.br/production/static/loja/estrutura/v1/js/carrinho.min4545.js]
[rennaker.lojaintegrada.com.br/carrinho/endereco/adicionar.html]
[rennaker.lojaintegrada.com.br/conta/favorito/listar]
[rennaker.lojaintegrada.com.br/carrinho/index.html]
[rennaker.lojaintegrada.com.br/conta/recuperar_senha.html]
[rennaker.lojaintegrada.com.br/conta/favorito/listar]
[rennaker.lojaintegrada.com.br/conta/favorito/listar]
[rennaker.lojaintegrada.com.br/conta/loginb308.html]
[rennaker.lojaintegrada.com.br/conta/favorito/listar]
[rennaker.lojaintegrada.com.br/conta/favorito/listar]
[rennaker.lojaintegrada.com.br/conta/login.html]
[rennaker.lojaintegrada.com.br/conta/favorito/listar]
[rennaker.lojaintegrada.com.br/conta/logincddc.html]
[rennaker.lojaintegrada.com.br/cabelo-pele-e-unhasde3a.html]
[rennaker.lojaintegrada.com.br/cabelo-pele-e-unhas5d0b.html]
[rennaker.lojaintegrada.com.br/cabelo-pele-e-unhas4a6f.html]
[rennaker.lojaintegrada.com.br/cabelo-pele-e-unhase683.html]
[cdn.awsli.com.br/1140x850/2545/2545673/banner/tmpbannercategoria2-ec173d48e1.png]
[rennaker.lojaintegrada.com.br/cabelo-pele-e-unhasba88.html]
[rennaker.lojaintegrada.com.br/cabelo-pele-e-unhasbb7d.html]
[rennaker.lojaintegrada.com.br/cabelo-pele-e-unhasa6d4.html]
[rennaker.lojaintegrada.com.br/cabelo-pele-e-unhasc25e.html]
[rennaker.lojaintegrada.com.br/conta/favorito/listar]
[rennaker.lojaintegrada.com.br/conta/favorito/listar]
[rennaker.lojaintegrada.com.br/cabelo-pele-e-unhas.html]
[cdn.awsli.com.br/800x800/2545/2545673/produto/198416704/group-57-79bea05edb.jpg]
[rennaker.lojaintegrada.com.br/02-rennaker-gummy6e0e.html]
[cdn.awsli.com.br/production/static/loja/estrutura/v1/js/jquery.imagezoom.min.js]
[rennaker.lojaintegrada.com.br/carrinho/frete.html]
[cdn.awsli.com.br/production/static/loja/estrutura/v1/js/produto.min4545.js]
[cdn.awsli.com.br/production/static/loja/estrutura/v1/js/eventos-pixel-produto.min4545.js]
[cdn.awsli.com.br/64x50/2545/2545673/produto/198416704/group-57-79bea05edb.jpg]
[cdn.awsli.com.br/600x450/2545/2545673/produto/198416704/group-57-79bea05edb.jpg]
[cdn.awsli.com.br/64x50/2545/2545673/produto/198416704/kit2-rennaker-89c72bf704.jpg]
[cdn.awsli.com.br/600x450/2545/2545673/produto/198416704/kit2-rennaker-89c72bf704.jpg]
[cdn.awsli.com.br/1000x1000/2545/2545673/produto/198416704/group-57-79bea05edb.png]
[rennaker.lojaintegrada.com.br/conta/favorito/198416704/adicionar]
[rennaker.lojaintegrada.com.br/carrinho/produto/198416704/adicionar]
[cdn.awsli.com.br/production/static/img/formas-de-pagamento/payu-cards4545.png]
[rennaker.lojaintegrada.com.br/carrinho/produto/198416704/adicionar]
[cdn.awsli.com.br/production/static/img/produto-sem-imagem.gif]
[rennaker.lojaintegrada.com.br/carrinho/produto/adicionar]
[rennaker.lojaintegrada.com.br/conta/favorito/listar]
[rennaker.lojaintegrada.com.br/02-rennaker-gummy.html]
[cdn.awsli.com.br/800x800/2545/2545673/produto/198417204/group-59-14aa6e1b1f.jpg]
[rennaker.lojaintegrada.com.br/03-rennaker-gummy6e0e.html]
[cdn.awsli.com.br/64x50/2545/2545673/produto/198417204/group-59-14aa6e1b1f.jpg]
[cdn.awsli.com.br/600x450/2545/2545673/produto/198417204/group-59-14aa6e1b1f.jpg]
[cdn.awsli.com.br/64x50/2545/2545673/produto/198417204/kit-rennaker-4aa5ff5d3e.jpg]
[cdn.awsli.com.br/600x450/2545/2545673/produto/198417204/kit-rennaker-4aa5ff5d3e.jpg]
[cdn.awsli.com.br/1000x1000/2545/2545673/produto/198417204/group-59-14aa6e1b1f.png]
[rennaker.lojaintegrada.com.br/conta/favorito/198417204/adicionar]
[rennaker.lojaintegrada.com.br/carrinho/produto/198417204/adicionar]
[rennaker.lojaintegrada.com.br/carrinho/produto/198417204/adicionar]
[rennaker.lojaintegrada.com.br/carrinho/produto/adicionar]
[rennaker.lojaintegrada.com.br/03-rennaker-gummy.html]
[cdn.awsli.com.br/800x800/2545/2545673/produto/198417271/group-58-52927bfd60.jpg]
[rennaker.lojaintegrada.com.br/06-rennaker-gummy6e0e.html]
[cdn.awsli.com.br/64x50/2545/2545673/produto/198417271/group-58-52927bfd60.jpg]
[cdn.awsli.com.br/600x450/2545/2545673/produto/198417271/group-58-52927bfd60.jpg]
[cdn.awsli.com.br/64x50/2545/2545673/produto/198417271/kit-6-meses-rennaker-822229d328.jpg]
[cdn.awsli.com.br/600x450/2545/2545673/produto/198417271/kit-6-meses-rennaker-822229d328.jpg]
[cdn.awsli.com.br/1000x1000/2545/2545673/produto/198417271/group-58-52927bfd60.jpg]
[rennaker.lojaintegrada.com.br/carrinho/produto/198417271/adicionar]
[rennaker.lojaintegrada.com.br/carrinho/produto/adicionar]
[rennaker.lojaintegrada.com.br/conta/favorito/listar]
[rennaker.lojaintegrada.com.br/conta/favorito/listar]
[rennaker.lojaintegrada.com.br/06-rennaker-gummy.html]
[cdn.awsli.com.br/800x800/2545/2545673/produto/196945852/rennaker-c3a23ca03c.jpg]
[rennaker.lojaintegrada.com.br/rennaker6e0e.html]
[cdn.awsli.com.br/64x50/2545/2545673/produto/196945852/rennaker-c3a23ca03c.jpg]
[cdn.awsli.com.br/600x450/2545/2545673/produto/196945852/rennaker-c3a23ca03c.jpg]
[cdn.awsli.com.br/64x50/2545/2545673/produto/196945852/ativo-2-(2)-7a7cebbc57.jpg]
[cdn.awsli.com.br/600x450/2545/2545673/produto/196945852/ativo-2-(2)-7a7cebbc57.jpg]
[cdn.awsli.com.br/1000x1000/2545/2545673/produto/196945852/rennaker-c3a23ca03c.jpg]
[rennaker.lojaintegrada.com.br/conta/favorito/196945852/adicionar]
[rennaker.lojaintegrada.com.br/carrinho/produto/196945852/adicionar]
[rennaker.lojaintegrada.com.br/carrinho/produto/196945852/adicionar]
[rennaker.lojaintegrada.com.br/carrinho/produto/adicionar]
[rennaker.lojaintegrada.com.br/conta/favorito/listar]
[rennaker.lojaintegrada.com.br/rennaker.html]
[rennaker.lojaintegrada.com.br/conta/favorito/listar]
[rennaker.lojaintegrada.com.br/conta/favorito/listar]
[rennaker.lojaintegrada.com.br/pagina/garantia-rennaker.html]
[rennaker.lojaintegrada.com.br/conta/favorito/listar]
[rennaker.lojaintegrada.com.br/conta/favorito/listar]
[rennaker.lojaintegrada.com.br/pagina/politica-de-privacidade.html]
[rennaker.lojaintegrada.com.br/conta/favorito/listar]
[rennaker.lojaintegrada.com.br/pagina/quem-somos.html]
[rennaker.lojaintegrada.com.br/conta/favorito/listar]
[rennaker.lojaintegrada.com.br/conta/favorito/listar]
[rennaker.lojaintegrada.com.br/pagina/termos-e-condicoes.html]
[connect.facebook.net/pt_BR/sdk.js]
[rennaker.lojaintegrada.com.br/owl.video.play.html]
[rennaker.lojaintegrada.com.br/carrinho/jquery.html]
[rennaker.lojaintegrada.com.br/jquery.html]
[rennaker.lojaintegrada.com.br/carrinho/performa.html]
[rennaker.lojaintegrada.com.br/carrinho/endereco/adicionar.html]
[rennaker.lojaintegrada.com.br/conta/recuperar_senha.html]
[rennaker.lojaintegrada.com.br/cabelo-pele-e-unhasd41d.html]
[rennaker.lojaintegrada.com.br/cabelo-pele-e-unhas57b7.html]
[rennaker.lojaintegrada.com.br/cabelo-pele-e-unhase05f.html]
[rennaker.lojaintegrada.com.br/cabelo-pele-e-unhas5e42.html]
[rennaker.lojaintegrada.com.br/cabelo-pele-e-unhas22c3.html]
[rennaker.lojaintegrada.com.br/conta/favorito/listar]
[rennaker.lojaintegrada.com.br/conta/favorito/listar]
[rennaker.lojaintegrada.com.br/cabelo-pele-e-unhasde3a.html]
[rennaker.lojaintegrada.com.br/cabelo-pele-e-unhas8e08.html]
[rennaker.lojaintegrada.com.br/cabelo-pele-e-unhasc6eb.html]
[rennaker.lojaintegrada.com.br/cabelo-pele-e-unhas0341.html]
[rennaker.lojaintegrada.com.br/cabelo-pele-e-unhas0264.html]
[rennaker.lojaintegrada.com.br/conta/favorito/listar]
[rennaker.lojaintegrada.com.br/cabelo-pele-e-unhas5d0b.html]
[rennaker.lojaintegrada.com.br/cabelo-pele-e-unhas111b.html]
[rennaker.lojaintegrada.com.br/cabelo-pele-e-unhas2e85.html]
[rennaker.lojaintegrada.com.br/cabelo-pele-e-unhas5b26.html]
[rennaker.lojaintegrada.com.br/cabelo-pele-e-unhasa310.html]
[rennaker.lojaintegrada.com.br/cabelo-pele-e-unhas4a6f.html]
[rennaker.lojaintegrada.com.br/cabelo-pele-e-unhas7fea.html]
[rennaker.lojaintegrada.com.br/cabelo-pele-e-unhas791a.html]
[rennaker.lojaintegrada.com.br/cabelo-pele-e-unhas2580.html]
[rennaker.lojaintegrada.com.br/cabelo-pele-e-unhas37ec.html]
[rennaker.lojaintegrada.com.br/cabelo-pele-e-unhase683.html]
[rennaker.lojaintegrada.com.br/cabelo-pele-e-unhas3d1e.html]
[rennaker.lojaintegrada.com.br/cabelo-pele-e-unhas85f8.html]
[rennaker.lojaintegrada.com.br/cabelo-pele-e-unhas7921.html]
[rennaker.lojaintegrada.com.br/cabelo-pele-e-unhasf59f.html]
[rennaker.lojaintegrada.com.br/conta/favorito/listar]
[rennaker.lojaintegrada.com.br/cabelo-pele-e-unhasba88.html]
[rennaker.lojaintegrada.com.br/cabelo-pele-e-unhasc64d.html]
[rennaker.lojaintegrada.com.br/cabelo-pele-e-unhas359a.html]
[rennaker.lojaintegrada.com.br/cabelo-pele-e-unhase820.html]
[rennaker.lojaintegrada.com.br/cabelo-pele-e-unhasbc21.html]
[rennaker.lojaintegrada.com.br/conta/favorito/listar]
[rennaker.lojaintegrada.com.br/conta/favorito/listar]
[rennaker.lojaintegrada.com.br/cabelo-pele-e-unhasbb7d.html]
[rennaker.lojaintegrada.com.br/cabelo-pele-e-unhas33a4.html]
[rennaker.lojaintegrada.com.br/cabelo-pele-e-unhas95b1.html]
[rennaker.lojaintegrada.com.br/cabelo-pele-e-unhas280c.html]
[rennaker.lojaintegrada.com.br/cabelo-pele-e-unhas427d.html]
[rennaker.lojaintegrada.com.br/conta/favorito/listar]
[rennaker.lojaintegrada.com.br/conta/favorito/listar]
[rennaker.lojaintegrada.com.br/cabelo-pele-e-unhasa6d4.html]
[rennaker.lojaintegrada.com.br/cabelo-pele-e-unhase357.html]
[rennaker.lojaintegrada.com.br/cabelo-pele-e-unhas2859.html]
[rennaker.lojaintegrada.com.br/cabelo-pele-e-unhas8316.html]
[rennaker.lojaintegrada.com.br/cabelo-pele-e-unhasf756.html]
[rennaker.lojaintegrada.com.br/conta/favorito/listar]
[rennaker.lojaintegrada.com.br/conta/favorito/listar]
[rennaker.lojaintegrada.com.br/cabelo-pele-e-unhasc25e.html]
[rennaker.lojaintegrada.com.br/carrinho/produto/198416704/adicionar]
[rennaker.lojaintegrada.com.br/carrinho/produto/198416704/adicionar]
[rennaker.lojaintegrada.com.br/conta/favorito/listar]
[rennaker.lojaintegrada.com.br/02-rennaker-gummy6e0e.html]
[cdn.awsli.com.br/production/static/loja/estrutura/v1/css/imagezoom.min.css]
[rennaker.lojaintegrada.com.br/carrinho/frete.html]
[cdn.awsli.com.br/64x64/2545/2545673/produto/198416704/group-57-79bea05edb.jpg]
[rennaker.lojaintegrada.com.br/conta/favorito/198417204/adicionar.d6.delayed]
[rennaker.lojaintegrada.com.br/carrinho/produto/198417204/adicionar]
[rennaker.lojaintegrada.com.br/carrinho/produto/198417204/adicionar]
[rennaker.lojaintegrada.com.br/carrinho/produto/adicionar]
[rennaker.lojaintegrada.com.br/conta/favorito/listar]
[rennaker.lojaintegrada.com.br/03-rennaker-gummy6e0e.html]
[cdn.awsli.com.br/64x64/2545/2545673/produto/198417204/group-59-14aa6e1b1f.jpg]
[rennaker.lojaintegrada.com.br/conta/favorito/198417271/adicionar]
[rennaker.lojaintegrada.com.br/carrinho/produto/adicionar]
[rennaker.lojaintegrada.com.br/conta/favorito/listar]
[rennaker.lojaintegrada.com.br/06-rennaker-gummy6e0e.html]
[cdn.awsli.com.br/64x64/2545/2545673/produto/198417271/group-58-52927bfd60.jpg]
[rennaker.lojaintegrada.com.br/carrinho/produto/196945852/adicionar]
[rennaker.lojaintegrada.com.br/carrinho/produto/196945852/adicionar]
[rennaker.lojaintegrada.com.br/conta/favorito/listar]
[rennaker.lojaintegrada.com.br/conta/favorito/listar]
[rennaker.lojaintegrada.com.br/rennaker6e0e.html]
[cdn.awsli.com.br/64x64/2545/2545673/produto/196945852/rennaker-c3a23ca03c.jpg]
[rennaker.lojaintegrada.com.br/conta/favorito/listar]
[rennaker.lojaintegrada.com.br/conta/favorito/listar]
[rennaker.lojaintegrada.com.br/cabelo-pele-e-unhasd41d.html]
[rennaker.lojaintegrada.com.br/conta/favorito/listar]
[rennaker.lojaintegrada.com.br/cabelo-pele-e-unhas57b7.html]
[rennaker.lojaintegrada.com.br/conta/favorito/listar]
[rennaker.lojaintegrada.com.br/conta/favorito/listar]
[rennaker.lojaintegrada.com.br/cabelo-pele-e-unhase05f.html]
[rennaker.lojaintegrada.com.br/conta/favorito/listar]
[rennaker.lojaintegrada.com.br/cabelo-pele-e-unhas5e42.html]
[rennaker.lojaintegrada.com.br/conta/favorito/listar]
[rennaker.lojaintegrada.com.br/conta/favorito/listar]
[rennaker.lojaintegrada.com.br/cabelo-pele-e-unhas22c3.html]
[rennaker.lojaintegrada.com.br/conta/favorito/listar]
[rennaker.lojaintegrada.com.br/cabelo-pele-e-unhas8e08.html]
[rennaker.lojaintegrada.com.br/conta/favorito/listar]
[rennaker.lojaintegrada.com.br/conta/favorito/listar]
[rennaker.lojaintegrada.com.br/cabelo-pele-e-unhasc6eb.html]
[rennaker.lojaintegrada.com.br/conta/favorito/listar]
[rennaker.lojaintegrada.com.br/conta/favorito/listar]
[rennaker.lojaintegrada.com.br/cabelo-pele-e-unhas0341.html]
[rennaker.lojaintegrada.com.br/conta/favorito/listar]
[rennaker.lojaintegrada.com.br/conta/favorito/listar]
[rennaker.lojaintegrada.com.br/cabelo-pele-e-unhas0264.html]
[rennaker.lojaintegrada.com.br/conta/favorito/listar]
[rennaker.lojaintegrada.com.br/conta/favorito/listar]
[rennaker.lojaintegrada.com.br/cabelo-pele-e-unhas111b.html]
[rennaker.lojaintegrada.com.br/conta/favorito/listar]
[rennaker.lojaintegrada.com.br/cabelo-pele-e-unhas2e85.html]
[rennaker.lojaintegrada.com.br/cabelo-pele-e-unhas5b26.html]
[rennaker.lojaintegrada.com.br/conta/favorito/listar]
[rennaker.lojaintegrada.com.br/cabelo-pele-e-unhasa310.html]
[rennaker.lojaintegrada.com.br/conta/favorito/listar]
[rennaker.lojaintegrada.com.br/conta/favorito/listar]
[rennaker.lojaintegrada.com.br/cabelo-pele-e-unhas7fea.html]
[rennaker.lojaintegrada.com.br/conta/favorito/listar]
[rennaker.lojaintegrada.com.br/cabelo-pele-e-unhas791a.html]
[rennaker.lojaintegrada.com.br/conta/favorito/listar]
[rennaker.lojaintegrada.com.br/cabelo-pele-e-unhas2580.html]
[rennaker.lojaintegrada.com.br/conta/favorito/listar]
[rennaker.lojaintegrada.com.br/conta/favorito/listar]
[rennaker.lojaintegrada.com.br/cabelo-pele-e-unhas37ec.html]
[rennaker.lojaintegrada.com.br/cabelo-pele-e-unhas3d1e.html]
[rennaker.lojaintegrada.com.br/conta/favorito/listar]
[rennaker.lojaintegrada.com.br/conta/favorito/listar]
[rennaker.lojaintegrada.com.br/cabelo-pele-e-unhas85f8.html]
[rennaker.lojaintegrada.com.br/conta/favorito/listar]
[rennaker.lojaintegrada.com.br/conta/favorito/listar]
[rennaker.lojaintegrada.com.br/cabelo-pele-e-unhas7921.html]
[rennaker.lojaintegrada.com.br/conta/favorito/listar]
[rennaker.lojaintegrada.com.br/cabelo-pele-e-unhasf59f.html]
[rennaker.lojaintegrada.com.br/conta/favorito/listar]
[rennaker.lojaintegrada.com.br/cabelo-pele-e-unhasc64d.html]
[rennaker.lojaintegrada.com.br/conta/favorito/listar]
[rennaker.lojaintegrada.com.br/conta/favorito/listar]
[rennaker.lojaintegrada.com.br/cabelo-pele-e-unhas359a.html]
[rennaker.lojaintegrada.com.br/conta/favorito/listar]
[rennaker.lojaintegrada.com.br/conta/favorito/listar]
[rennaker.lojaintegrada.com.br/cabelo-pele-e-unhase820.html]
[rennaker.lojaintegrada.com.br/cabelo-pele-e-unhasbc21.html]
[rennaker.lojaintegrada.com.br/conta/favorito/listar]
[rennaker.lojaintegrada.com.br/cabelo-pele-e-unhas33a4.html]
[rennaker.lojaintegrada.com.br/conta/favorito/listar]
[rennaker.lojaintegrada.com.br/conta/favorito/listar]
[rennaker.lojaintegrada.com.br/cabelo-pele-e-unhas95b1.html]
[rennaker.lojaintegrada.com.br/conta/favorito/listar]
[rennaker.lojaintegrada.com.br/conta/favorito/listar]
[rennaker.lojaintegrada.com.br/cabelo-pele-e-unhas280c.html]
[rennaker.lojaintegrada.com.br/cabelo-pele-e-unhas427d.html]
[rennaker.lojaintegrada.com.br/conta/favorito/listar]
[rennaker.lojaintegrada.com.br/cabelo-pele-e-unhase357.html]
[rennaker.lojaintegrada.com.br/conta/favorito/listar]
[rennaker.lojaintegrada.com.br/cabelo-pele-e-unhas2859.html]
[rennaker.lojaintegrada.com.br/conta/favorito/listar]
[rennaker.lojaintegrada.com.br/conta/favorito/listar]
[rennaker.lojaintegrada.com.br/cabelo-pele-e-unhas8316.html]
[rennaker.lojaintegrada.com.br/conta/favorito/listar]
[rennaker.lojaintegrada.com.br/conta/favorito/listar]
[rennaker.lojaintegrada.com.br/cabelo-pele-e-unhasf756.html]
[cdn.awsli.com.br/production/static/loja/estrutura/v1/css/lens.html]
[rennaker.lojaintegrada.com.br/compre_junto/index.html]
